// Jest Snapshot v1, https://goo.gl/fbAQLP

exports[`Header Test suite Should render Header(snapshot) correctly 1`] = `
<Fragment>
  <Navbar />
  <Switch>
    <Route
      component={[Function]}
      exact={true}
      path="/"
    />
    <Route
      component={[Function]}
      exact={true}
      path="/login"
    />
    <Route
      component={[Function]}
      exact={true}
      path="/signup"
    />
    <Route
      component={[Function]}
    />
  </Switch>
</Fragment>
`;
